// Jest Snapshot v1, https://goo.gl/fbAQLP

exports[`Header View Check snapshot for unexpected changes 1`] = `
<header
  className="header"
>
  <h1
    className="brand"
  >
    <a
      className="brand-link"
      onClick={[Function]}
      style={Object {}}
    >
      svideo
    </a>
  </h1>
  <h2
    className="header-back"
  >
    <a
      onClick={[Function]}
      style={Object {}}
    >
      Back
    </a>
  </h2>
</header>
`;
