// Jest Snapshot v1, https://goo.gl/fbAQLP

exports[`Landing Page Check snapshot for unexpected changes 1`] = `
<div
  className="home-info"
>
  <h1
    className="title"
    style={
      Object {
        "color": "red",
      }
    }
  >
    Welcome to my App!
  </h1>
  <input
    className="search"
    placeholder="search"
    type="text"
  />
  <a
    className="browse-all"
    onClick={[Function]}
    style={Object {}}
  >
     or Browse All
  </a>
</div>
`;
