// Jest Snapshot v1, https://goo.gl/fbAQLP

exports[`ShowCard View Check snapshot for unexpected changes 1`] = `
<div
  className="show-card"
>
  <img
    className="show-card-img"
    src="public/img/posters/undefined"
  />
  <div
    className="show-card-text"
  >
    <h3
      className="show-card-title"
    />
    <h4
      className="show-card-year"
    >
      (
      )
    </h4>
    <p
      className="show-card-description"
    />
  </div>
</div>
`;
